Traceback (most recent call last):
  File "C:\Users\jacob\anaconda3\envs\dataviz_venv\lib\site-packages\jupyter_cache\executors\utils.py", line 58, in single_nb_execution
    executenb(
  File "C:\Users\jacob\anaconda3\envs\dataviz_venv\lib\site-packages\nbclient\client.py", line 1305, in execute
    return NotebookClient(nb=nb, resources=resources, km=km, **kwargs).execute()
  File "C:\Users\jacob\anaconda3\envs\dataviz_venv\lib\site-packages\jupyter_core\utils\__init__.py", line 166, in wrapped
    return loop.run_until_complete(inner)
  File "C:\Users\jacob\anaconda3\envs\dataviz_venv\lib\asyncio\base_events.py", line 647, in run_until_complete
    return future.result()
  File "C:\Users\jacob\anaconda3\envs\dataviz_venv\lib\site-packages\nbclient\client.py", line 705, in async_execute
    await self.async_execute_cell(
  File "C:\Users\jacob\anaconda3\envs\dataviz_venv\lib\site-packages\nbclient\client.py", line 1058, in async_execute_cell
    await self._check_raise_for_error(cell, cell_index, exec_reply)
  File "C:\Users\jacob\anaconda3\envs\dataviz_venv\lib\site-packages\nbclient\client.py", line 914, in _check_raise_for_error
    raise CellExecutionError.from_cell_and_msg(cell, exec_reply_content)
nbclient.exceptions.CellExecutionError: An error occurred while executing the following cell:
------------------
import pandas as pd
import seaborn as sns
import numpy as np
import openpyxl

#importacion del data set
df =  pd.read_excel(r"C:/Users/jacob/OneDrive/Escritorio/Datasets/File.xlsx",skiprows=4)


# renombramos columnas
df.columns = [
    "Fecha",
    "CreditosConsumo",
    "CreditosTesoreria",
    "CreditosOrdinarios",
    "CreditosPreferenciales",
    "TasaColocacionBR",
    "TasaColocacionSinTesoreria",
    "TasaColocacionTotal"
]

# tomamos desde la cuarto fila debido a que las anteriores no nos sirven
#df = df.iloc[4:].reset_index(drop=True)

df = df.dropna(subset=['Fecha'])
df = df.dropna()
# Eliminamos las filas vacias
df.head()

------------------


[1;31m---------------------------------------------------------------------------[0m
[1;31mModuleNotFoundError[0m                       Traceback (most recent call last)
Cell [1;32mIn[1], line 4[0m
[0;32m      2[0m [38;5;28;01mimport[39;00m [38;5;21;01mseaborn[39;00m [38;5;28;01mas[39;00m [38;5;21;01msns[39;00m
[0;32m      3[0m [38;5;28;01mimport[39;00m [38;5;21;01mnumpy[39;00m [38;5;28;01mas[39;00m [38;5;21;01mnp[39;00m
[1;32m----> 4[0m [38;5;28;01mimport[39;00m [38;5;21;01mopenpyxl[39;00m
[0;32m      6[0m [38;5;66;03m#importacion del data set[39;00m
[0;32m      7[0m df [38;5;241m=[39m  pd[38;5;241m.[39mread_excel([38;5;124mr[39m[38;5;124m"[39m[38;5;124mC:/Users/jacob/OneDrive/Escritorio/Datasets/File.xlsx[39m[38;5;124m"[39m,skiprows[38;5;241m=[39m[38;5;241m4[39m)

[1;31mModuleNotFoundError[0m: No module named 'openpyxl'

